Archive member included because of file (symbol)

e:/embedded diploma/imt tools/sdk/avr_sdk/winavr/bin/../lib/gcc/avr/4.3.3/avr5\libgcc.a(_mulsi3.o)
                              ./LCD_Program.o (__mulsi3)
e:/embedded diploma/imt tools/sdk/avr_sdk/winavr/bin/../lib/gcc/avr/4.3.3/avr5\libgcc.a(_udivmodhi4.o)
                              ./main.o (__udivmodhi4)
e:/embedded diploma/imt tools/sdk/avr_sdk/winavr/bin/../lib/gcc/avr/4.3.3/avr5\libgcc.a(_udivmodsi4.o)
                              ./LCD_Program.o (__udivmodsi4)
e:/embedded diploma/imt tools/sdk/avr_sdk/winavr/bin/../lib/gcc/avr/4.3.3/avr5\libgcc.a(_exit.o)
                              e:/embedded diploma/imt tools/sdk/avr_sdk/winavr/bin/../lib/gcc/avr/4.3.3/../../../../avr/lib/avr5/crtm32.o (exit)
e:/embedded diploma/imt tools/sdk/avr_sdk/winavr/bin/../lib/gcc/avr/4.3.3/avr5\libgcc.a(_muldi3.o)
                              ./main.o (__muldi3)
e:/embedded diploma/imt tools/sdk/avr_sdk/winavr/bin/../lib/gcc/avr/4.3.3/avr5\libgcc.a(_lshrdi3.o)
                              ./main.o (__lshrdi3)
e:/embedded diploma/imt tools/sdk/avr_sdk/winavr/bin/../lib/gcc/avr/4.3.3/avr5\libgcc.a(_fixunssfsi.o)
                              ./LCD_Program.o (__fixunssfsi)
e:/embedded diploma/imt tools/sdk/avr_sdk/winavr/bin/../lib/gcc/avr/4.3.3/avr5\libgcc.a(_addsub_sf.o)
                              e:/embedded diploma/imt tools/sdk/avr_sdk/winavr/bin/../lib/gcc/avr/4.3.3/avr5\libgcc.a(_fixunssfsi.o) (__subsf3)
e:/embedded diploma/imt tools/sdk/avr_sdk/winavr/bin/../lib/gcc/avr/4.3.3/avr5\libgcc.a(_mul_sf.o)
                              ./LCD_Program.o (__mulsf3)
e:/embedded diploma/imt tools/sdk/avr_sdk/winavr/bin/../lib/gcc/avr/4.3.3/avr5\libgcc.a(_div_sf.o)
                              ./LCD_Program.o (__divsf3)
e:/embedded diploma/imt tools/sdk/avr_sdk/winavr/bin/../lib/gcc/avr/4.3.3/avr5\libgcc.a(_gt_sf.o)
                              ./LCD_Program.o (__gtsf2)
e:/embedded diploma/imt tools/sdk/avr_sdk/winavr/bin/../lib/gcc/avr/4.3.3/avr5\libgcc.a(_ge_sf.o)
                              e:/embedded diploma/imt tools/sdk/avr_sdk/winavr/bin/../lib/gcc/avr/4.3.3/avr5\libgcc.a(_fixunssfsi.o) (__gesf2)
e:/embedded diploma/imt tools/sdk/avr_sdk/winavr/bin/../lib/gcc/avr/4.3.3/avr5\libgcc.a(_lt_sf.o)
                              ./LCD_Program.o (__ltsf2)
e:/embedded diploma/imt tools/sdk/avr_sdk/winavr/bin/../lib/gcc/avr/4.3.3/avr5\libgcc.a(_sf_to_si.o)
                              e:/embedded diploma/imt tools/sdk/avr_sdk/winavr/bin/../lib/gcc/avr/4.3.3/avr5\libgcc.a(_fixunssfsi.o) (__fixsfsi)
e:/embedded diploma/imt tools/sdk/avr_sdk/winavr/bin/../lib/gcc/avr/4.3.3/avr5\libgcc.a(_thenan_sf.o)
                              e:/embedded diploma/imt tools/sdk/avr_sdk/winavr/bin/../lib/gcc/avr/4.3.3/avr5\libgcc.a(_addsub_sf.o) (__thenan_sf)
e:/embedded diploma/imt tools/sdk/avr_sdk/winavr/bin/../lib/gcc/avr/4.3.3/avr5\libgcc.a(_prologue.o)
                              e:/embedded diploma/imt tools/sdk/avr_sdk/winavr/bin/../lib/gcc/avr/4.3.3/avr5\libgcc.a(_muldi3.o) (__prologue_saves__)
e:/embedded diploma/imt tools/sdk/avr_sdk/winavr/bin/../lib/gcc/avr/4.3.3/avr5\libgcc.a(_epilogue.o)
                              e:/embedded diploma/imt tools/sdk/avr_sdk/winavr/bin/../lib/gcc/avr/4.3.3/avr5\libgcc.a(_muldi3.o) (__epilogue_restores__)
e:/embedded diploma/imt tools/sdk/avr_sdk/winavr/bin/../lib/gcc/avr/4.3.3/avr5\libgcc.a(_copy_data.o)
                              e:/embedded diploma/imt tools/sdk/avr_sdk/winavr/bin/../lib/gcc/avr/4.3.3/avr5\libgcc.a(_thenan_sf.o) (__do_copy_data)
e:/embedded diploma/imt tools/sdk/avr_sdk/winavr/bin/../lib/gcc/avr/4.3.3/avr5\libgcc.a(_pack_sf.o)
                              e:/embedded diploma/imt tools/sdk/avr_sdk/winavr/bin/../lib/gcc/avr/4.3.3/avr5\libgcc.a(_addsub_sf.o) (__pack_f)
e:/embedded diploma/imt tools/sdk/avr_sdk/winavr/bin/../lib/gcc/avr/4.3.3/avr5\libgcc.a(_unpack_sf.o)
                              e:/embedded diploma/imt tools/sdk/avr_sdk/winavr/bin/../lib/gcc/avr/4.3.3/avr5\libgcc.a(_addsub_sf.o) (__unpack_f)
e:/embedded diploma/imt tools/sdk/avr_sdk/winavr/bin/../lib/gcc/avr/4.3.3/avr5\libgcc.a(_fpcmp_parts_sf.o)
                              e:/embedded diploma/imt tools/sdk/avr_sdk/winavr/bin/../lib/gcc/avr/4.3.3/avr5\libgcc.a(_gt_sf.o) (__fpcmp_parts_f)

Memory Configuration

Name             Origin             Length             Attributes
text             0x00000000         0x00020000         xr
data             0x00800060         0x0000ffa0         rw !x
eeprom           0x00810000         0x00010000         rw !x
fuse             0x00820000         0x00000400         rw !x
lock             0x00830000         0x00000400         rw !x
signature        0x00840000         0x00000400         rw !x
*default*        0x00000000         0xffffffff

Linker script and memory map

LOAD e:/embedded diploma/imt tools/sdk/avr_sdk/winavr/bin/../lib/gcc/avr/4.3.3/../../../../avr/lib/avr5/crtm32.o
LOAD ./ADC_Program.o
LOAD ./DIO_Program.o
LOAD ./LCD_Program.o
LOAD ./main.o
LOAD e:/embedded diploma/imt tools/sdk/avr_sdk/winavr/bin/../lib/gcc/avr/4.3.3/avr5\libgcc.a
LOAD e:/embedded diploma/imt tools/sdk/avr_sdk/winavr/bin/../lib/gcc/avr/4.3.3/../../../../avr/lib/avr5\libc.a
LOAD e:/embedded diploma/imt tools/sdk/avr_sdk/winavr/bin/../lib/gcc/avr/4.3.3/avr5\libgcc.a

.hash
 *(.hash)

.dynsym
 *(.dynsym)

.dynstr
 *(.dynstr)

.gnu.version
 *(.gnu.version)

.gnu.version_d
 *(.gnu.version_d)

.gnu.version_r
 *(.gnu.version_r)

.rel.init
 *(.rel.init)

.rela.init
 *(.rela.init)

.rel.text
 *(.rel.text)
 *(.rel.text.*)
 *(.rel.gnu.linkonce.t*)

.rela.text
 *(.rela.text)
 *(.rela.text.*)
 *(.rela.gnu.linkonce.t*)

.rel.fini
 *(.rel.fini)

.rela.fini
 *(.rela.fini)

.rel.rodata
 *(.rel.rodata)
 *(.rel.rodata.*)
 *(.rel.gnu.linkonce.r*)

.rela.rodata
 *(.rela.rodata)
 *(.rela.rodata.*)
 *(.rela.gnu.linkonce.r*)

.rel.data
 *(.rel.data)
 *(.rel.data.*)
 *(.rel.gnu.linkonce.d*)

.rela.data
 *(.rela.data)
 *(.rela.data.*)
 *(.rela.gnu.linkonce.d*)

.rel.ctors
 *(.rel.ctors)

.rela.ctors
 *(.rela.ctors)

.rel.dtors
 *(.rel.dtors)

.rela.dtors
 *(.rela.dtors)

.rel.got
 *(.rel.got)

.rela.got
 *(.rela.got)

.rel.bss
 *(.rel.bss)

.rela.bss
 *(.rela.bss)

.rel.plt
 *(.rel.plt)

.rela.plt
 *(.rela.plt)

.text           0x00000000     0x2abe
 *(.vectors)
 .vectors       0x00000000       0x54 e:/embedded diploma/imt tools/sdk/avr_sdk/winavr/bin/../lib/gcc/avr/4.3.3/../../../../avr/lib/avr5/crtm32.o
                0x00000000                __vectors
                0x00000000                __vector_default
 *(.vectors)
 *(.progmem.gcc*)
 *(.progmem*)
                0x00000054                . = ALIGN (0x2)
                0x00000054                __trampolines_start = .
 *(.trampolines)
 .trampolines   0x00000054        0x0 linker stubs
 *(.trampolines*)
                0x00000054                __trampolines_end = .
 *(.jumptables)
 *(.jumptables*)
 *(.lowtext)
 *(.lowtext*)
                0x00000054                __ctors_start = .
 *(.ctors)
                0x00000054                __ctors_end = .
                0x00000054                __dtors_start = .
 *(.dtors)
                0x00000054                __dtors_end = .
 SORT(*)(.ctors)
 SORT(*)(.dtors)
 *(.init0)
 .init0         0x00000054        0x0 e:/embedded diploma/imt tools/sdk/avr_sdk/winavr/bin/../lib/gcc/avr/4.3.3/../../../../avr/lib/avr5/crtm32.o
                0x00000054                __init
 *(.init0)
 *(.init1)
 *(.init1)
 *(.init2)
 .init2         0x00000054        0xc e:/embedded diploma/imt tools/sdk/avr_sdk/winavr/bin/../lib/gcc/avr/4.3.3/../../../../avr/lib/avr5/crtm32.o
 *(.init2)
 *(.init3)
 *(.init3)
 *(.init4)
 .init4         0x00000060       0x16 e:/embedded diploma/imt tools/sdk/avr_sdk/winavr/bin/../lib/gcc/avr/4.3.3/avr5\libgcc.a(_copy_data.o)
                0x00000060                __do_copy_data
 *(.init4)
 *(.init5)
 *(.init5)
 *(.init6)
 *(.init6)
 *(.init7)
 *(.init7)
 *(.init8)
 *(.init8)
 *(.init9)
 .init9         0x00000076        0x8 e:/embedded diploma/imt tools/sdk/avr_sdk/winavr/bin/../lib/gcc/avr/4.3.3/../../../../avr/lib/avr5/crtm32.o
 *(.init9)
 *(.text)
 .text          0x0000007e        0x4 e:/embedded diploma/imt tools/sdk/avr_sdk/winavr/bin/../lib/gcc/avr/4.3.3/../../../../avr/lib/avr5/crtm32.o
                0x0000007e                __vector_1
                0x0000007e                __vector_12
                0x0000007e                __bad_interrupt
                0x0000007e                __vector_6
                0x0000007e                __vector_3
                0x0000007e                __vector_11
                0x0000007e                __vector_13
                0x0000007e                __vector_17
                0x0000007e                __vector_19
                0x0000007e                __vector_7
                0x0000007e                __vector_5
                0x0000007e                __vector_4
                0x0000007e                __vector_9
                0x0000007e                __vector_2
                0x0000007e                __vector_15
                0x0000007e                __vector_8
                0x0000007e                __vector_14
                0x0000007e                __vector_10
                0x0000007e                __vector_16
                0x0000007e                __vector_18
                0x0000007e                __vector_20
 .text          0x00000082        0x0 ./ADC_Program.o
 .text          0x00000082        0x0 ./DIO_Program.o
 .text          0x00000082        0x0 ./LCD_Program.o
 .text          0x00000082        0x0 ./main.o
 .text          0x00000082        0x0 e:/embedded diploma/imt tools/sdk/avr_sdk/winavr/bin/../lib/gcc/avr/4.3.3/avr5\libgcc.a(_mulsi3.o)
 .text          0x00000082        0x0 e:/embedded diploma/imt tools/sdk/avr_sdk/winavr/bin/../lib/gcc/avr/4.3.3/avr5\libgcc.a(_udivmodhi4.o)
 .text          0x00000082        0x0 e:/embedded diploma/imt tools/sdk/avr_sdk/winavr/bin/../lib/gcc/avr/4.3.3/avr5\libgcc.a(_udivmodsi4.o)
 .text          0x00000082        0x0 e:/embedded diploma/imt tools/sdk/avr_sdk/winavr/bin/../lib/gcc/avr/4.3.3/avr5\libgcc.a(_exit.o)
 .text          0x00000082      0x1f6 e:/embedded diploma/imt tools/sdk/avr_sdk/winavr/bin/../lib/gcc/avr/4.3.3/avr5\libgcc.a(_muldi3.o)
                0x00000082                __muldi3
 .text          0x00000278       0xfe e:/embedded diploma/imt tools/sdk/avr_sdk/winavr/bin/../lib/gcc/avr/4.3.3/avr5\libgcc.a(_lshrdi3.o)
                0x00000278                __lshrdi3
 .text          0x00000376       0x58 e:/embedded diploma/imt tools/sdk/avr_sdk/winavr/bin/../lib/gcc/avr/4.3.3/avr5\libgcc.a(_fixunssfsi.o)
                0x00000376                __fixunssfsi
 .text          0x000003ce      0x354 e:/embedded diploma/imt tools/sdk/avr_sdk/winavr/bin/../lib/gcc/avr/4.3.3/avr5\libgcc.a(_addsub_sf.o)
                0x00000666                __subsf3
                0x000006c8                __addsf3
 .text          0x00000722      0x1f4 e:/embedded diploma/imt tools/sdk/avr_sdk/winavr/bin/../lib/gcc/avr/4.3.3/avr5\libgcc.a(_mul_sf.o)
                0x00000722                __mulsf3
 .text          0x00000916      0x158 e:/embedded diploma/imt tools/sdk/avr_sdk/winavr/bin/../lib/gcc/avr/4.3.3/avr5\libgcc.a(_div_sf.o)
                0x00000916                __divsf3
 .text          0x00000a6e       0x60 e:/embedded diploma/imt tools/sdk/avr_sdk/winavr/bin/../lib/gcc/avr/4.3.3/avr5\libgcc.a(_gt_sf.o)
                0x00000a6e                __gtsf2
 .text          0x00000ace       0x60 e:/embedded diploma/imt tools/sdk/avr_sdk/winavr/bin/../lib/gcc/avr/4.3.3/avr5\libgcc.a(_ge_sf.o)
                0x00000ace                __gesf2
 .text          0x00000b2e       0x60 e:/embedded diploma/imt tools/sdk/avr_sdk/winavr/bin/../lib/gcc/avr/4.3.3/avr5\libgcc.a(_lt_sf.o)
                0x00000b2e                __ltsf2
 .text          0x00000b8e       0xa8 e:/embedded diploma/imt tools/sdk/avr_sdk/winavr/bin/../lib/gcc/avr/4.3.3/avr5\libgcc.a(_sf_to_si.o)
                0x00000b8e                __fixsfsi
 .text          0x00000c36        0x0 e:/embedded diploma/imt tools/sdk/avr_sdk/winavr/bin/../lib/gcc/avr/4.3.3/avr5\libgcc.a(_thenan_sf.o)
 .text          0x00000c36        0x0 e:/embedded diploma/imt tools/sdk/avr_sdk/winavr/bin/../lib/gcc/avr/4.3.3/avr5\libgcc.a(_prologue.o)
 .text          0x00000c36        0x0 e:/embedded diploma/imt tools/sdk/avr_sdk/winavr/bin/../lib/gcc/avr/4.3.3/avr5\libgcc.a(_epilogue.o)
 .text          0x00000c36        0x0 e:/embedded diploma/imt tools/sdk/avr_sdk/winavr/bin/../lib/gcc/avr/4.3.3/avr5\libgcc.a(_copy_data.o)
 .text          0x00000c36      0x1aa e:/embedded diploma/imt tools/sdk/avr_sdk/winavr/bin/../lib/gcc/avr/4.3.3/avr5\libgcc.a(_pack_sf.o)
                0x00000c36                __pack_f
 .text          0x00000de0       0xf0 e:/embedded diploma/imt tools/sdk/avr_sdk/winavr/bin/../lib/gcc/avr/4.3.3/avr5\libgcc.a(_unpack_sf.o)
                0x00000de0                __unpack_f
 .text          0x00000ed0       0xb2 e:/embedded diploma/imt tools/sdk/avr_sdk/winavr/bin/../lib/gcc/avr/4.3.3/avr5\libgcc.a(_fpcmp_parts_sf.o)
                0x00000ed0                __fpcmp_parts_f
                0x00000f82                . = ALIGN (0x2)
 *(.text.*)
 .text.ADC_ViodInit
                0x00000f82       0x8c ./ADC_Program.o
                0x00000f82                ADC_ViodInit
 .text.ADC_U16ReadValue
                0x0000100e       0x6c ./ADC_Program.o
                0x0000100e                ADC_U16ReadValue
 .text.DIO_VoidSetPinDirection
                0x0000107a      0x200 ./DIO_Program.o
                0x0000107a                DIO_VoidSetPinDirection
 .text.DIO_VoidSetPortDirection
                0x0000127a       0x82 ./DIO_Program.o
                0x0000127a                DIO_VoidSetPortDirection
 .text.DIO_VoidSetPinValue
                0x000012fc      0x200 ./DIO_Program.o
                0x000012fc                DIO_VoidSetPinValue
 .text.DIO_VoidSetPortValue
                0x000014fc       0x82 ./DIO_Program.o
                0x000014fc                DIO_VoidSetPortValue
 .text.DIO_U8GetPinValue
                0x0000157e       0xf2 ./DIO_Program.o
                0x0000157e                DIO_U8GetPinValue
 .text.DIO_VoidTogglePin
                0x00001670       0xfa ./DIO_Program.o
                0x00001670                DIO_VoidTogglePin
 .text.LCD_VoidInit
                0x0000176a      0x5da ./LCD_Program.o
                0x0000176a                LCD_VoidInit
 .text.LCD_VoidSendData
                0x00001d44      0x220 ./LCD_Program.o
                0x00001d44                LCD_VoidSendData
 .text.LCD_VoidSendCommand
                0x00001f64      0x220 ./LCD_Program.o
                0x00001f64                LCD_VoidSendCommand
 .text.LCD_VoidSendString
                0x00002184       0x52 ./LCD_Program.o
                0x00002184                LCD_VoidSendString
 .text.LCD_VoidSendNum
                0x000021d6      0x142 ./LCD_Program.o
                0x000021d6                LCD_VoidSendNum
 .text.LCD_VoidShiftRightString
                0x00002318      0x2bc ./LCD_Program.o
                0x00002318                LCD_VoidShiftRightString
 .text.LCD_VoidSetPositin
                0x000025d4       0x36 ./LCD_Program.o
                0x000025d4                LCD_VoidSetPositin
 .text.LCD_VoidZigzag
                0x0000260a      0x1ac ./LCD_Program.o
                0x0000260a                LCD_VoidZigzag
 .text.main     0x000027b6      0x1ec ./main.o
                0x000027b6                main
 .text.libgcc   0x000029a2       0x3e e:/embedded diploma/imt tools/sdk/avr_sdk/winavr/bin/../lib/gcc/avr/4.3.3/avr5\libgcc.a(_mulsi3.o)
                0x000029a2                __mulsi3
 .text.libgcc   0x000029e0       0x28 e:/embedded diploma/imt tools/sdk/avr_sdk/winavr/bin/../lib/gcc/avr/4.3.3/avr5\libgcc.a(_udivmodhi4.o)
                0x000029e0                __udivmodhi4
 .text.libgcc   0x00002a08       0x44 e:/embedded diploma/imt tools/sdk/avr_sdk/winavr/bin/../lib/gcc/avr/4.3.3/avr5\libgcc.a(_udivmodsi4.o)
                0x00002a08                __udivmodsi4
 .text.libgcc   0x00002a4c        0x0 e:/embedded diploma/imt tools/sdk/avr_sdk/winavr/bin/../lib/gcc/avr/4.3.3/avr5\libgcc.a(_exit.o)
 .text.libgcc   0x00002a4c       0x38 e:/embedded diploma/imt tools/sdk/avr_sdk/winavr/bin/../lib/gcc/avr/4.3.3/avr5\libgcc.a(_prologue.o)
                0x00002a4c                __prologue_saves__
 .text.libgcc   0x00002a84       0x36 e:/embedded diploma/imt tools/sdk/avr_sdk/winavr/bin/../lib/gcc/avr/4.3.3/avr5\libgcc.a(_epilogue.o)
                0x00002a84                __epilogue_restores__
 .text.libgcc   0x00002aba        0x0 e:/embedded diploma/imt tools/sdk/avr_sdk/winavr/bin/../lib/gcc/avr/4.3.3/avr5\libgcc.a(_copy_data.o)
                0x00002aba                . = ALIGN (0x2)
 *(.fini9)
 .fini9         0x00002aba        0x0 e:/embedded diploma/imt tools/sdk/avr_sdk/winavr/bin/../lib/gcc/avr/4.3.3/avr5\libgcc.a(_exit.o)
                0x00002aba                exit
                0x00002aba                _exit
 *(.fini9)
 *(.fini8)
 *(.fini8)
 *(.fini7)
 *(.fini7)
 *(.fini6)
 *(.fini6)
 *(.fini5)
 *(.fini5)
 *(.fini4)
 *(.fini4)
 *(.fini3)
 *(.fini3)
 *(.fini2)
 *(.fini2)
 *(.fini1)
 *(.fini1)
 *(.fini0)
 .fini0         0x00002aba        0x4 e:/embedded diploma/imt tools/sdk/avr_sdk/winavr/bin/../lib/gcc/avr/4.3.3/avr5\libgcc.a(_exit.o)
 *(.fini0)
                0x00002abe                _etext = .

.data           0x00800060        0x8 load address 0x00002abe
                0x00800060                PROVIDE (__data_start, .)
 *(.data)
 .data          0x00800060        0x0 e:/embedded diploma/imt tools/sdk/avr_sdk/winavr/bin/../lib/gcc/avr/4.3.3/../../../../avr/lib/avr5/crtm32.o
 .data          0x00800060        0x0 ./ADC_Program.o
 .data          0x00800060        0x0 ./DIO_Program.o
 .data          0x00800060        0x0 ./LCD_Program.o
 .data          0x00800060        0x0 ./main.o
 .data          0x00800060        0x0 e:/embedded diploma/imt tools/sdk/avr_sdk/winavr/bin/../lib/gcc/avr/4.3.3/avr5\libgcc.a(_mulsi3.o)
 .data          0x00800060        0x0 e:/embedded diploma/imt tools/sdk/avr_sdk/winavr/bin/../lib/gcc/avr/4.3.3/avr5\libgcc.a(_udivmodhi4.o)
 .data          0x00800060        0x0 e:/embedded diploma/imt tools/sdk/avr_sdk/winavr/bin/../lib/gcc/avr/4.3.3/avr5\libgcc.a(_udivmodsi4.o)
 .data          0x00800060        0x0 e:/embedded diploma/imt tools/sdk/avr_sdk/winavr/bin/../lib/gcc/avr/4.3.3/avr5\libgcc.a(_exit.o)
 .data          0x00800060        0x0 e:/embedded diploma/imt tools/sdk/avr_sdk/winavr/bin/../lib/gcc/avr/4.3.3/avr5\libgcc.a(_muldi3.o)
 .data          0x00800060        0x0 e:/embedded diploma/imt tools/sdk/avr_sdk/winavr/bin/../lib/gcc/avr/4.3.3/avr5\libgcc.a(_lshrdi3.o)
 .data          0x00800060        0x0 e:/embedded diploma/imt tools/sdk/avr_sdk/winavr/bin/../lib/gcc/avr/4.3.3/avr5\libgcc.a(_fixunssfsi.o)
 .data          0x00800060        0x0 e:/embedded diploma/imt tools/sdk/avr_sdk/winavr/bin/../lib/gcc/avr/4.3.3/avr5\libgcc.a(_addsub_sf.o)
 .data          0x00800060        0x0 e:/embedded diploma/imt tools/sdk/avr_sdk/winavr/bin/../lib/gcc/avr/4.3.3/avr5\libgcc.a(_mul_sf.o)
 .data          0x00800060        0x0 e:/embedded diploma/imt tools/sdk/avr_sdk/winavr/bin/../lib/gcc/avr/4.3.3/avr5\libgcc.a(_div_sf.o)
 .data          0x00800060        0x0 e:/embedded diploma/imt tools/sdk/avr_sdk/winavr/bin/../lib/gcc/avr/4.3.3/avr5\libgcc.a(_gt_sf.o)
 .data          0x00800060        0x0 e:/embedded diploma/imt tools/sdk/avr_sdk/winavr/bin/../lib/gcc/avr/4.3.3/avr5\libgcc.a(_ge_sf.o)
 .data          0x00800060        0x0 e:/embedded diploma/imt tools/sdk/avr_sdk/winavr/bin/../lib/gcc/avr/4.3.3/avr5\libgcc.a(_lt_sf.o)
 .data          0x00800060        0x0 e:/embedded diploma/imt tools/sdk/avr_sdk/winavr/bin/../lib/gcc/avr/4.3.3/avr5\libgcc.a(_sf_to_si.o)
 .data          0x00800060        0x8 e:/embedded diploma/imt tools/sdk/avr_sdk/winavr/bin/../lib/gcc/avr/4.3.3/avr5\libgcc.a(_thenan_sf.o)
                0x00800060                __thenan_sf
 .data          0x00800068        0x0 e:/embedded diploma/imt tools/sdk/avr_sdk/winavr/bin/../lib/gcc/avr/4.3.3/avr5\libgcc.a(_prologue.o)
 .data          0x00800068        0x0 e:/embedded diploma/imt tools/sdk/avr_sdk/winavr/bin/../lib/gcc/avr/4.3.3/avr5\libgcc.a(_epilogue.o)
 .data          0x00800068        0x0 e:/embedded diploma/imt tools/sdk/avr_sdk/winavr/bin/../lib/gcc/avr/4.3.3/avr5\libgcc.a(_copy_data.o)
 .data          0x00800068        0x0 e:/embedded diploma/imt tools/sdk/avr_sdk/winavr/bin/../lib/gcc/avr/4.3.3/avr5\libgcc.a(_pack_sf.o)
 .data          0x00800068        0x0 e:/embedded diploma/imt tools/sdk/avr_sdk/winavr/bin/../lib/gcc/avr/4.3.3/avr5\libgcc.a(_unpack_sf.o)
 .data          0x00800068        0x0 e:/embedded diploma/imt tools/sdk/avr_sdk/winavr/bin/../lib/gcc/avr/4.3.3/avr5\libgcc.a(_fpcmp_parts_sf.o)
 *(.data*)
 *(.rodata)
 *(.rodata*)
 *(.gnu.linkonce.d*)
                0x00800068                . = ALIGN (0x2)
                0x00800068                _edata = .
                0x00800068                PROVIDE (__data_end, .)

.bss            0x00800068        0x0
                0x00800068                PROVIDE (__bss_start, .)
 *(.bss)
 .bss           0x00800068        0x0 e:/embedded diploma/imt tools/sdk/avr_sdk/winavr/bin/../lib/gcc/avr/4.3.3/../../../../avr/lib/avr5/crtm32.o
 .bss           0x00800068        0x0 ./ADC_Program.o
 .bss           0x00800068        0x0 ./DIO_Program.o
 .bss           0x00800068        0x0 ./LCD_Program.o
 .bss           0x00800068        0x0 ./main.o
 .bss           0x00800068        0x0 e:/embedded diploma/imt tools/sdk/avr_sdk/winavr/bin/../lib/gcc/avr/4.3.3/avr5\libgcc.a(_mulsi3.o)
 .bss           0x00800068        0x0 e:/embedded diploma/imt tools/sdk/avr_sdk/winavr/bin/../lib/gcc/avr/4.3.3/avr5\libgcc.a(_udivmodhi4.o)
 .bss           0x00800068        0x0 e:/embedded diploma/imt tools/sdk/avr_sdk/winavr/bin/../lib/gcc/avr/4.3.3/avr5\libgcc.a(_udivmodsi4.o)
 .bss           0x00800068        0x0 e:/embedded diploma/imt tools/sdk/avr_sdk/winavr/bin/../lib/gcc/avr/4.3.3/avr5\libgcc.a(_exit.o)
 .bss           0x00800068        0x0 e:/embedded diploma/imt tools/sdk/avr_sdk/winavr/bin/../lib/gcc/avr/4.3.3/avr5\libgcc.a(_muldi3.o)
 .bss           0x00800068        0x0 e:/embedded diploma/imt tools/sdk/avr_sdk/winavr/bin/../lib/gcc/avr/4.3.3/avr5\libgcc.a(_lshrdi3.o)
 .bss           0x00800068        0x0 e:/embedded diploma/imt tools/sdk/avr_sdk/winavr/bin/../lib/gcc/avr/4.3.3/avr5\libgcc.a(_fixunssfsi.o)
 .bss           0x00800068        0x0 e:/embedded diploma/imt tools/sdk/avr_sdk/winavr/bin/../lib/gcc/avr/4.3.3/avr5\libgcc.a(_addsub_sf.o)
 .bss           0x00800068        0x0 e:/embedded diploma/imt tools/sdk/avr_sdk/winavr/bin/../lib/gcc/avr/4.3.3/avr5\libgcc.a(_mul_sf.o)
 .bss           0x00800068        0x0 e:/embedded diploma/imt tools/sdk/avr_sdk/winavr/bin/../lib/gcc/avr/4.3.3/avr5\libgcc.a(_div_sf.o)
 .bss           0x00800068        0x0 e:/embedded diploma/imt tools/sdk/avr_sdk/winavr/bin/../lib/gcc/avr/4.3.3/avr5\libgcc.a(_gt_sf.o)
 .bss           0x00800068        0x0 e:/embedded diploma/imt tools/sdk/avr_sdk/winavr/bin/../lib/gcc/avr/4.3.3/avr5\libgcc.a(_ge_sf.o)
 .bss           0x00800068        0x0 e:/embedded diploma/imt tools/sdk/avr_sdk/winavr/bin/../lib/gcc/avr/4.3.3/avr5\libgcc.a(_lt_sf.o)
 .bss           0x00800068        0x0 e:/embedded diploma/imt tools/sdk/avr_sdk/winavr/bin/../lib/gcc/avr/4.3.3/avr5\libgcc.a(_sf_to_si.o)
 .bss           0x00800068        0x0 e:/embedded diploma/imt tools/sdk/avr_sdk/winavr/bin/../lib/gcc/avr/4.3.3/avr5\libgcc.a(_thenan_sf.o)
 .bss           0x00800068        0x0 e:/embedded diploma/imt tools/sdk/avr_sdk/winavr/bin/../lib/gcc/avr/4.3.3/avr5\libgcc.a(_prologue.o)
 .bss           0x00800068        0x0 e:/embedded diploma/imt tools/sdk/avr_sdk/winavr/bin/../lib/gcc/avr/4.3.3/avr5\libgcc.a(_epilogue.o)
 .bss           0x00800068        0x0 e:/embedded diploma/imt tools/sdk/avr_sdk/winavr/bin/../lib/gcc/avr/4.3.3/avr5\libgcc.a(_copy_data.o)
 .bss           0x00800068        0x0 e:/embedded diploma/imt tools/sdk/avr_sdk/winavr/bin/../lib/gcc/avr/4.3.3/avr5\libgcc.a(_pack_sf.o)
 .bss           0x00800068        0x0 e:/embedded diploma/imt tools/sdk/avr_sdk/winavr/bin/../lib/gcc/avr/4.3.3/avr5\libgcc.a(_unpack_sf.o)
 .bss           0x00800068        0x0 e:/embedded diploma/imt tools/sdk/avr_sdk/winavr/bin/../lib/gcc/avr/4.3.3/avr5\libgcc.a(_fpcmp_parts_sf.o)
 *(.bss*)
 *(COMMON)
                0x00800068                PROVIDE (__bss_end, .)
                0x00002abe                __data_load_start = LOADADDR (.data)
                0x00002ac6                __data_load_end = (__data_load_start + SIZEOF (.data))

.noinit         0x00800068        0x0
                0x00800068                PROVIDE (__noinit_start, .)
 *(.noinit*)
                0x00800068                PROVIDE (__noinit_end, .)
                0x00800068                _end = .
                0x00800068                PROVIDE (__heap_start, .)

.eeprom         0x00810000        0x0
 *(.eeprom*)
                0x00810000                __eeprom_end = .

.fuse
 *(.fuse)
 *(.lfuse)
 *(.hfuse)
 *(.efuse)

.lock
 *(.lock*)

.signature
 *(.signature*)

.stab           0x00000000     0x1b0c
 *(.stab)
 .stab          0x00000000      0x288 ./ADC_Program.o
 .stab          0x00000288      0x4a4 ./DIO_Program.o
                                0x540 (size before relaxing)
 .stab          0x0000072c     0x1194 ./LCD_Program.o
                               0x1230 (size before relaxing)
 .stab          0x000018c0      0x24c ./main.o
                                0x480 (size before relaxing)

.stabstr        0x00000000      0xab7
 *(.stabstr)
 .stabstr       0x00000000      0xab7 ./ADC_Program.o

.stab.excl
 *(.stab.excl)

.stab.exclstr
 *(.stab.exclstr)

.stab.index
 *(.stab.index)

.stab.indexstr
 *(.stab.indexstr)

.comment
 *(.comment)

.debug
 *(.debug)

.line
 *(.line)

.debug_srcinfo
 *(.debug_srcinfo)

.debug_sfnames
 *(.debug_sfnames)

.debug_aranges  0x00000000      0x1a0
 *(.debug_aranges)
 .debug_aranges
                0x00000000       0x20 e:/embedded diploma/imt tools/sdk/avr_sdk/winavr/bin/../lib/gcc/avr/4.3.3/avr5\libgcc.a(_muldi3.o)
 .debug_aranges
                0x00000020       0x20 e:/embedded diploma/imt tools/sdk/avr_sdk/winavr/bin/../lib/gcc/avr/4.3.3/avr5\libgcc.a(_lshrdi3.o)
 .debug_aranges
                0x00000040       0x20 e:/embedded diploma/imt tools/sdk/avr_sdk/winavr/bin/../lib/gcc/avr/4.3.3/avr5\libgcc.a(_fixunssfsi.o)
 .debug_aranges
                0x00000060       0x20 e:/embedded diploma/imt tools/sdk/avr_sdk/winavr/bin/../lib/gcc/avr/4.3.3/avr5\libgcc.a(_addsub_sf.o)
 .debug_aranges
                0x00000080       0x20 e:/embedded diploma/imt tools/sdk/avr_sdk/winavr/bin/../lib/gcc/avr/4.3.3/avr5\libgcc.a(_mul_sf.o)
 .debug_aranges
                0x000000a0       0x20 e:/embedded diploma/imt tools/sdk/avr_sdk/winavr/bin/../lib/gcc/avr/4.3.3/avr5\libgcc.a(_div_sf.o)
 .debug_aranges
                0x000000c0       0x20 e:/embedded diploma/imt tools/sdk/avr_sdk/winavr/bin/../lib/gcc/avr/4.3.3/avr5\libgcc.a(_gt_sf.o)
 .debug_aranges
                0x000000e0       0x20 e:/embedded diploma/imt tools/sdk/avr_sdk/winavr/bin/../lib/gcc/avr/4.3.3/avr5\libgcc.a(_ge_sf.o)
 .debug_aranges
                0x00000100       0x20 e:/embedded diploma/imt tools/sdk/avr_sdk/winavr/bin/../lib/gcc/avr/4.3.3/avr5\libgcc.a(_lt_sf.o)
 .debug_aranges
                0x00000120       0x20 e:/embedded diploma/imt tools/sdk/avr_sdk/winavr/bin/../lib/gcc/avr/4.3.3/avr5\libgcc.a(_sf_to_si.o)
 .debug_aranges
                0x00000140       0x20 e:/embedded diploma/imt tools/sdk/avr_sdk/winavr/bin/../lib/gcc/avr/4.3.3/avr5\libgcc.a(_pack_sf.o)
 .debug_aranges
                0x00000160       0x20 e:/embedded diploma/imt tools/sdk/avr_sdk/winavr/bin/../lib/gcc/avr/4.3.3/avr5\libgcc.a(_unpack_sf.o)
 .debug_aranges
                0x00000180       0x20 e:/embedded diploma/imt tools/sdk/avr_sdk/winavr/bin/../lib/gcc/avr/4.3.3/avr5\libgcc.a(_fpcmp_parts_sf.o)

.debug_pubnames
                0x00000000      0x1ce
 *(.debug_pubnames)
 .debug_pubnames
                0x00000000       0x1f e:/embedded diploma/imt tools/sdk/avr_sdk/winavr/bin/../lib/gcc/avr/4.3.3/avr5\libgcc.a(_muldi3.o)
 .debug_pubnames
                0x0000001f       0x20 e:/embedded diploma/imt tools/sdk/avr_sdk/winavr/bin/../lib/gcc/avr/4.3.3/avr5\libgcc.a(_lshrdi3.o)
 .debug_pubnames
                0x0000003f       0x23 e:/embedded diploma/imt tools/sdk/avr_sdk/winavr/bin/../lib/gcc/avr/4.3.3/avr5\libgcc.a(_fixunssfsi.o)
 .debug_pubnames
                0x00000062       0x2c e:/embedded diploma/imt tools/sdk/avr_sdk/winavr/bin/../lib/gcc/avr/4.3.3/avr5\libgcc.a(_addsub_sf.o)
 .debug_pubnames
                0x0000008e       0x1f e:/embedded diploma/imt tools/sdk/avr_sdk/winavr/bin/../lib/gcc/avr/4.3.3/avr5\libgcc.a(_mul_sf.o)
 .debug_pubnames
                0x000000ad       0x1f e:/embedded diploma/imt tools/sdk/avr_sdk/winavr/bin/../lib/gcc/avr/4.3.3/avr5\libgcc.a(_div_sf.o)
 .debug_pubnames
                0x000000cc       0x1e e:/embedded diploma/imt tools/sdk/avr_sdk/winavr/bin/../lib/gcc/avr/4.3.3/avr5\libgcc.a(_gt_sf.o)
 .debug_pubnames
                0x000000ea       0x1e e:/embedded diploma/imt tools/sdk/avr_sdk/winavr/bin/../lib/gcc/avr/4.3.3/avr5\libgcc.a(_ge_sf.o)
 .debug_pubnames
                0x00000108       0x1e e:/embedded diploma/imt tools/sdk/avr_sdk/winavr/bin/../lib/gcc/avr/4.3.3/avr5\libgcc.a(_lt_sf.o)
 .debug_pubnames
                0x00000126       0x20 e:/embedded diploma/imt tools/sdk/avr_sdk/winavr/bin/../lib/gcc/avr/4.3.3/avr5\libgcc.a(_sf_to_si.o)
 .debug_pubnames
                0x00000146       0x22 e:/embedded diploma/imt tools/sdk/avr_sdk/winavr/bin/../lib/gcc/avr/4.3.3/avr5\libgcc.a(_thenan_sf.o)
 .debug_pubnames
                0x00000168       0x1f e:/embedded diploma/imt tools/sdk/avr_sdk/winavr/bin/../lib/gcc/avr/4.3.3/avr5\libgcc.a(_pack_sf.o)
 .debug_pubnames
                0x00000187       0x21 e:/embedded diploma/imt tools/sdk/avr_sdk/winavr/bin/../lib/gcc/avr/4.3.3/avr5\libgcc.a(_unpack_sf.o)
 .debug_pubnames
                0x000001a8       0x26 e:/embedded diploma/imt tools/sdk/avr_sdk/winavr/bin/../lib/gcc/avr/4.3.3/avr5\libgcc.a(_fpcmp_parts_sf.o)

.debug_info     0x00000000     0x23ca
 *(.debug_info)
 .debug_info    0x00000000      0x206 e:/embedded diploma/imt tools/sdk/avr_sdk/winavr/bin/../lib/gcc/avr/4.3.3/avr5\libgcc.a(_muldi3.o)
 .debug_info    0x00000206      0x17f e:/embedded diploma/imt tools/sdk/avr_sdk/winavr/bin/../lib/gcc/avr/4.3.3/avr5\libgcc.a(_lshrdi3.o)
 .debug_info    0x00000385       0xb1 e:/embedded diploma/imt tools/sdk/avr_sdk/winavr/bin/../lib/gcc/avr/4.3.3/avr5\libgcc.a(_fixunssfsi.o)
 .debug_info    0x00000436      0x47a e:/embedded diploma/imt tools/sdk/avr_sdk/winavr/bin/../lib/gcc/avr/4.3.3/avr5\libgcc.a(_addsub_sf.o)
 .debug_info    0x000008b0      0x485 e:/embedded diploma/imt tools/sdk/avr_sdk/winavr/bin/../lib/gcc/avr/4.3.3/avr5\libgcc.a(_mul_sf.o)
 .debug_info    0x00000d35      0x3fc e:/embedded diploma/imt tools/sdk/avr_sdk/winavr/bin/../lib/gcc/avr/4.3.3/avr5\libgcc.a(_div_sf.o)
 .debug_info    0x00001131      0x27f e:/embedded diploma/imt tools/sdk/avr_sdk/winavr/bin/../lib/gcc/avr/4.3.3/avr5\libgcc.a(_gt_sf.o)
 .debug_info    0x000013b0      0x27f e:/embedded diploma/imt tools/sdk/avr_sdk/winavr/bin/../lib/gcc/avr/4.3.3/avr5\libgcc.a(_ge_sf.o)
 .debug_info    0x0000162f      0x27f e:/embedded diploma/imt tools/sdk/avr_sdk/winavr/bin/../lib/gcc/avr/4.3.3/avr5\libgcc.a(_lt_sf.o)
 .debug_info    0x000018ae      0x2b0 e:/embedded diploma/imt tools/sdk/avr_sdk/winavr/bin/../lib/gcc/avr/4.3.3/avr5\libgcc.a(_sf_to_si.o)
 .debug_info    0x00001b5e      0x12c e:/embedded diploma/imt tools/sdk/avr_sdk/winavr/bin/../lib/gcc/avr/4.3.3/avr5\libgcc.a(_thenan_sf.o)
 .debug_info    0x00001c8a      0x2df e:/embedded diploma/imt tools/sdk/avr_sdk/winavr/bin/../lib/gcc/avr/4.3.3/avr5\libgcc.a(_pack_sf.o)
 .debug_info    0x00001f69      0x251 e:/embedded diploma/imt tools/sdk/avr_sdk/winavr/bin/../lib/gcc/avr/4.3.3/avr5\libgcc.a(_unpack_sf.o)
 .debug_info    0x000021ba      0x210 e:/embedded diploma/imt tools/sdk/avr_sdk/winavr/bin/../lib/gcc/avr/4.3.3/avr5\libgcc.a(_fpcmp_parts_sf.o)
 *(.gnu.linkonce.wi.*)

.debug_abbrev   0x00000000     0x12df
 *(.debug_abbrev)
 .debug_abbrev  0x00000000       0xf0 e:/embedded diploma/imt tools/sdk/avr_sdk/winavr/bin/../lib/gcc/avr/4.3.3/avr5\libgcc.a(_muldi3.o)
 .debug_abbrev  0x000000f0       0xee e:/embedded diploma/imt tools/sdk/avr_sdk/winavr/bin/../lib/gcc/avr/4.3.3/avr5\libgcc.a(_lshrdi3.o)
 .debug_abbrev  0x000001de       0x5d e:/embedded diploma/imt tools/sdk/avr_sdk/winavr/bin/../lib/gcc/avr/4.3.3/avr5\libgcc.a(_fixunssfsi.o)
 .debug_abbrev  0x0000023b      0x1ea e:/embedded diploma/imt tools/sdk/avr_sdk/winavr/bin/../lib/gcc/avr/4.3.3/avr5\libgcc.a(_addsub_sf.o)
 .debug_abbrev  0x00000425      0x21b e:/embedded diploma/imt tools/sdk/avr_sdk/winavr/bin/../lib/gcc/avr/4.3.3/avr5\libgcc.a(_mul_sf.o)
 .debug_abbrev  0x00000640      0x216 e:/embedded diploma/imt tools/sdk/avr_sdk/winavr/bin/../lib/gcc/avr/4.3.3/avr5\libgcc.a(_div_sf.o)
 .debug_abbrev  0x00000856      0x15a e:/embedded diploma/imt tools/sdk/avr_sdk/winavr/bin/../lib/gcc/avr/4.3.3/avr5\libgcc.a(_gt_sf.o)
 .debug_abbrev  0x000009b0      0x15a e:/embedded diploma/imt tools/sdk/avr_sdk/winavr/bin/../lib/gcc/avr/4.3.3/avr5\libgcc.a(_ge_sf.o)
 .debug_abbrev  0x00000b0a      0x15a e:/embedded diploma/imt tools/sdk/avr_sdk/winavr/bin/../lib/gcc/avr/4.3.3/avr5\libgcc.a(_lt_sf.o)
 .debug_abbrev  0x00000c64      0x17f e:/embedded diploma/imt tools/sdk/avr_sdk/winavr/bin/../lib/gcc/avr/4.3.3/avr5\libgcc.a(_sf_to_si.o)
 .debug_abbrev  0x00000de3       0xad e:/embedded diploma/imt tools/sdk/avr_sdk/winavr/bin/../lib/gcc/avr/4.3.3/avr5\libgcc.a(_thenan_sf.o)
 .debug_abbrev  0x00000e90      0x1c0 e:/embedded diploma/imt tools/sdk/avr_sdk/winavr/bin/../lib/gcc/avr/4.3.3/avr5\libgcc.a(_pack_sf.o)
 .debug_abbrev  0x00001050      0x154 e:/embedded diploma/imt tools/sdk/avr_sdk/winavr/bin/../lib/gcc/avr/4.3.3/avr5\libgcc.a(_unpack_sf.o)
 .debug_abbrev  0x000011a4      0x13b e:/embedded diploma/imt tools/sdk/avr_sdk/winavr/bin/../lib/gcc/avr/4.3.3/avr5\libgcc.a(_fpcmp_parts_sf.o)

.debug_line     0x00000000     0x1108
 *(.debug_line)
 .debug_line    0x00000000       0xaf e:/embedded diploma/imt tools/sdk/avr_sdk/winavr/bin/../lib/gcc/avr/4.3.3/avr5\libgcc.a(_muldi3.o)
 .debug_line    0x000000af       0xd7 e:/embedded diploma/imt tools/sdk/avr_sdk/winavr/bin/../lib/gcc/avr/4.3.3/avr5\libgcc.a(_lshrdi3.o)
 .debug_line    0x00000186       0xa7 e:/embedded diploma/imt tools/sdk/avr_sdk/winavr/bin/../lib/gcc/avr/4.3.3/avr5\libgcc.a(_fixunssfsi.o)
 .debug_line    0x0000022d      0x2af e:/embedded diploma/imt tools/sdk/avr_sdk/winavr/bin/../lib/gcc/avr/4.3.3/avr5\libgcc.a(_addsub_sf.o)
 .debug_line    0x000004dc      0x239 e:/embedded diploma/imt tools/sdk/avr_sdk/winavr/bin/../lib/gcc/avr/4.3.3/avr5\libgcc.a(_mul_sf.o)
 .debug_line    0x00000715      0x1d5 e:/embedded diploma/imt tools/sdk/avr_sdk/winavr/bin/../lib/gcc/avr/4.3.3/avr5\libgcc.a(_div_sf.o)
 .debug_line    0x000008ea       0xd3 e:/embedded diploma/imt tools/sdk/avr_sdk/winavr/bin/../lib/gcc/avr/4.3.3/avr5\libgcc.a(_gt_sf.o)
 .debug_line    0x000009bd       0xd3 e:/embedded diploma/imt tools/sdk/avr_sdk/winavr/bin/../lib/gcc/avr/4.3.3/avr5\libgcc.a(_ge_sf.o)
 .debug_line    0x00000a90       0xd3 e:/embedded diploma/imt tools/sdk/avr_sdk/winavr/bin/../lib/gcc/avr/4.3.3/avr5\libgcc.a(_lt_sf.o)
 .debug_line    0x00000b63      0x109 e:/embedded diploma/imt tools/sdk/avr_sdk/winavr/bin/../lib/gcc/avr/4.3.3/avr5\libgcc.a(_sf_to_si.o)
 .debug_line    0x00000c6c       0x90 e:/embedded diploma/imt tools/sdk/avr_sdk/winavr/bin/../lib/gcc/avr/4.3.3/avr5\libgcc.a(_thenan_sf.o)
 .debug_line    0x00000cfc      0x18a e:/embedded diploma/imt tools/sdk/avr_sdk/winavr/bin/../lib/gcc/avr/4.3.3/avr5\libgcc.a(_pack_sf.o)
 .debug_line    0x00000e86      0x14b e:/embedded diploma/imt tools/sdk/avr_sdk/winavr/bin/../lib/gcc/avr/4.3.3/avr5\libgcc.a(_unpack_sf.o)
 .debug_line    0x00000fd1      0x137 e:/embedded diploma/imt tools/sdk/avr_sdk/winavr/bin/../lib/gcc/avr/4.3.3/avr5\libgcc.a(_fpcmp_parts_sf.o)

.debug_frame    0x00000000      0x1c0
 *(.debug_frame)
 .debug_frame   0x00000000       0x20 e:/embedded diploma/imt tools/sdk/avr_sdk/winavr/bin/../lib/gcc/avr/4.3.3/avr5\libgcc.a(_muldi3.o)
 .debug_frame   0x00000020       0x20 e:/embedded diploma/imt tools/sdk/avr_sdk/winavr/bin/../lib/gcc/avr/4.3.3/avr5\libgcc.a(_lshrdi3.o)
 .debug_frame   0x00000040       0x20 e:/embedded diploma/imt tools/sdk/avr_sdk/winavr/bin/../lib/gcc/avr/4.3.3/avr5\libgcc.a(_fixunssfsi.o)
 .debug_frame   0x00000060       0x40 e:/embedded diploma/imt tools/sdk/avr_sdk/winavr/bin/../lib/gcc/avr/4.3.3/avr5\libgcc.a(_addsub_sf.o)
 .debug_frame   0x000000a0       0x20 e:/embedded diploma/imt tools/sdk/avr_sdk/winavr/bin/../lib/gcc/avr/4.3.3/avr5\libgcc.a(_mul_sf.o)
 .debug_frame   0x000000c0       0x20 e:/embedded diploma/imt tools/sdk/avr_sdk/winavr/bin/../lib/gcc/avr/4.3.3/avr5\libgcc.a(_div_sf.o)
 .debug_frame   0x000000e0       0x20 e:/embedded diploma/imt tools/sdk/avr_sdk/winavr/bin/../lib/gcc/avr/4.3.3/avr5\libgcc.a(_gt_sf.o)
 .debug_frame   0x00000100       0x20 e:/embedded diploma/imt tools/sdk/avr_sdk/winavr/bin/../lib/gcc/avr/4.3.3/avr5\libgcc.a(_ge_sf.o)
 .debug_frame   0x00000120       0x20 e:/embedded diploma/imt tools/sdk/avr_sdk/winavr/bin/../lib/gcc/avr/4.3.3/avr5\libgcc.a(_lt_sf.o)
 .debug_frame   0x00000140       0x20 e:/embedded diploma/imt tools/sdk/avr_sdk/winavr/bin/../lib/gcc/avr/4.3.3/avr5\libgcc.a(_sf_to_si.o)
 .debug_frame   0x00000160       0x20 e:/embedded diploma/imt tools/sdk/avr_sdk/winavr/bin/../lib/gcc/avr/4.3.3/avr5\libgcc.a(_pack_sf.o)
 .debug_frame   0x00000180       0x20 e:/embedded diploma/imt tools/sdk/avr_sdk/winavr/bin/../lib/gcc/avr/4.3.3/avr5\libgcc.a(_unpack_sf.o)
 .debug_frame   0x000001a0       0x20 e:/embedded diploma/imt tools/sdk/avr_sdk/winavr/bin/../lib/gcc/avr/4.3.3/avr5\libgcc.a(_fpcmp_parts_sf.o)

.debug_str      0x00000000      0x32e
 *(.debug_str)
 .debug_str     0x00000000       0xf4 e:/embedded diploma/imt tools/sdk/avr_sdk/winavr/bin/../lib/gcc/avr/4.3.3/avr5\libgcc.a(_muldi3.o)
                                0x13f (size before relaxing)
 .debug_str     0x000000f4       0x23 e:/embedded diploma/imt tools/sdk/avr_sdk/winavr/bin/../lib/gcc/avr/4.3.3/avr5\libgcc.a(_lshrdi3.o)
                                0x131 (size before relaxing)
 .debug_str     0x00000117       0x14 e:/embedded diploma/imt tools/sdk/avr_sdk/winavr/bin/../lib/gcc/avr/4.3.3/avr5\libgcc.a(_fixunssfsi.o)
                                 0xfe (size before relaxing)
 .debug_str     0x0000012b      0x14d e:/embedded diploma/imt tools/sdk/avr_sdk/winavr/bin/../lib/gcc/avr/4.3.3/avr5\libgcc.a(_addsub_sf.o)
                                0x206 (size before relaxing)
 .debug_str     0x00000278       0x27 e:/embedded diploma/imt tools/sdk/avr_sdk/winavr/bin/../lib/gcc/avr/4.3.3/avr5\libgcc.a(_mul_sf.o)
                                0x1bf (size before relaxing)
 .debug_str     0x0000029f       0x35 e:/embedded diploma/imt tools/sdk/avr_sdk/winavr/bin/../lib/gcc/avr/4.3.3/avr5\libgcc.a(_div_sf.o)
                                0x1c8 (size before relaxing)
 .debug_str     0x000002d4        0xf e:/embedded diploma/imt tools/sdk/avr_sdk/winavr/bin/../lib/gcc/avr/4.3.3/avr5\libgcc.a(_gt_sf.o)
                                0x195 (size before relaxing)
 .debug_str     0x000002e3        0x8 e:/embedded diploma/imt tools/sdk/avr_sdk/winavr/bin/../lib/gcc/avr/4.3.3/avr5\libgcc.a(_ge_sf.o)
                                0x195 (size before relaxing)
 .debug_str     0x000002eb        0x8 e:/embedded diploma/imt tools/sdk/avr_sdk/winavr/bin/../lib/gcc/avr/4.3.3/avr5\libgcc.a(_lt_sf.o)
                                0x195 (size before relaxing)
 .debug_str     0x000002f3        0xa e:/embedded diploma/imt tools/sdk/avr_sdk/winavr/bin/../lib/gcc/avr/4.3.3/avr5\libgcc.a(_sf_to_si.o)
                                0x19e (size before relaxing)
 .debug_str     0x00000000      0x103 e:/embedded diploma/imt tools/sdk/avr_sdk/winavr/bin/../lib/gcc/avr/4.3.3/avr5\libgcc.a(_thenan_sf.o)
 .debug_str     0x000002fd       0x16 e:/embedded diploma/imt tools/sdk/avr_sdk/winavr/bin/../lib/gcc/avr/4.3.3/avr5\libgcc.a(_pack_sf.o)
                                0x19d (size before relaxing)
 .debug_str     0x00000313        0xb e:/embedded diploma/imt tools/sdk/avr_sdk/winavr/bin/../lib/gcc/avr/4.3.3/avr5\libgcc.a(_unpack_sf.o)
                                0x17f (size before relaxing)
 .debug_str     0x0000031e       0x10 e:/embedded diploma/imt tools/sdk/avr_sdk/winavr/bin/../lib/gcc/avr/4.3.3/avr5\libgcc.a(_fpcmp_parts_sf.o)
                                0x163 (size before relaxing)

.debug_loc      0x00000000      0xa52
 *(.debug_loc)
 .debug_loc     0x00000000       0xcc e:/embedded diploma/imt tools/sdk/avr_sdk/winavr/bin/../lib/gcc/avr/4.3.3/avr5\libgcc.a(_muldi3.o)
 .debug_loc     0x000000cc       0xf8 e:/embedded diploma/imt tools/sdk/avr_sdk/winavr/bin/../lib/gcc/avr/4.3.3/avr5\libgcc.a(_lshrdi3.o)
 .debug_loc     0x000001c4       0x34 e:/embedded diploma/imt tools/sdk/avr_sdk/winavr/bin/../lib/gcc/avr/4.3.3/avr5\libgcc.a(_fixunssfsi.o)
 .debug_loc     0x000001f8      0x32a e:/embedded diploma/imt tools/sdk/avr_sdk/winavr/bin/../lib/gcc/avr/4.3.3/avr5\libgcc.a(_addsub_sf.o)
 .debug_loc     0x00000522      0x104 e:/embedded diploma/imt tools/sdk/avr_sdk/winavr/bin/../lib/gcc/avr/4.3.3/avr5\libgcc.a(_mul_sf.o)
 .debug_loc     0x00000626       0xc0 e:/embedded diploma/imt tools/sdk/avr_sdk/winavr/bin/../lib/gcc/avr/4.3.3/avr5\libgcc.a(_div_sf.o)
 .debug_loc     0x000006e6       0x3c e:/embedded diploma/imt tools/sdk/avr_sdk/winavr/bin/../lib/gcc/avr/4.3.3/avr5\libgcc.a(_gt_sf.o)
 .debug_loc     0x00000722       0x3c e:/embedded diploma/imt tools/sdk/avr_sdk/winavr/bin/../lib/gcc/avr/4.3.3/avr5\libgcc.a(_ge_sf.o)
 .debug_loc     0x0000075e       0x3c e:/embedded diploma/imt tools/sdk/avr_sdk/winavr/bin/../lib/gcc/avr/4.3.3/avr5\libgcc.a(_lt_sf.o)
 .debug_loc     0x0000079a       0x7e e:/embedded diploma/imt tools/sdk/avr_sdk/winavr/bin/../lib/gcc/avr/4.3.3/avr5\libgcc.a(_sf_to_si.o)
 .debug_loc     0x00000818      0x13e e:/embedded diploma/imt tools/sdk/avr_sdk/winavr/bin/../lib/gcc/avr/4.3.3/avr5\libgcc.a(_pack_sf.o)
 .debug_loc     0x00000956       0xac e:/embedded diploma/imt tools/sdk/avr_sdk/winavr/bin/../lib/gcc/avr/4.3.3/avr5\libgcc.a(_unpack_sf.o)
 .debug_loc     0x00000a02       0x50 e:/embedded diploma/imt tools/sdk/avr_sdk/winavr/bin/../lib/gcc/avr/4.3.3/avr5\libgcc.a(_fpcmp_parts_sf.o)

.debug_macinfo
 *(.debug_macinfo)
OUTPUT(ADC_TempSensor.elf elf32-avr)
LOAD linker stubs

.debug_ranges   0x00000000       0x50
 .debug_ranges  0x00000000       0x50 e:/embedded diploma/imt tools/sdk/avr_sdk/winavr/bin/../lib/gcc/avr/4.3.3/avr5\libgcc.a(_mul_sf.o)
